  Croogine_Cleanup.cpp
  Croogine_Core.cpp
  Croogine_Init.cpp
  Croogine_Loop.cpp
  Croogine_ModelLoader.cpp
  Croogine_RenderPipeline.cpp
  Croogine_VKAntialiasing.cpp
  Croogine_VKBufferHandling.cpp
  Croogine_VKColor.cpp
  Croogine_VKCommandBuffer.cpp
  Croogine_VKCommandPool.cpp
  Croogine_VKDebugMessenger.cpp
  Croogine_VKDepth.cpp
  Croogine_VKDescriptorPool.cpp
  Croogine_VKDescriptorSetLayout.cpp
  Croogine_VKDescriptorSets.cpp
  Croogine_VKFrameBuffer.cpp
  Croogine_VKImageViews.cpp
  Croogine_VKIndexBuffer.cpp
  Croogine_VKInstance.cpp
  Generating Code...
  Compiling...
  Croogine_VKLogicalDevice.cpp
  Croogine_VKMemory.cpp
  Croogine_VKMipmaps.cpp
  Croogine_VKPhysicalDevice.cpp
  Croogine_VKRenderPass.cpp
  Croogine_VKSurface.cpp
  Croogine_VKSwapChain.cpp
  Croogine_VKSyncObjects.cpp
  Croogine_VKTextureImage.cpp
  Croogine_VKUniformBuffer.cpp
  Croogine_VKVertexBuffers.cpp
  Croogine_window.cpp
  main.cpp
  Generating Code...
  LINK : D:\Devs\Projects\croolab-engine\x64\Debug\CrooEngine.exe not found or not built by the last incremental link; performing full link
LINK : warning LNK4098: defaultlib 'MSVCRT' conflicts with use of other libs; use /NODEFAULTLIB:library
  CrooEngine.vcxproj -> D:\Devs\Projects\croolab-engine\x64\Debug\CrooEngine.exe
